// Jest Snapshot v1, https://goo.gl/fbAQLP

exports[`About renders correctly 1`] = `
<View
  style={
    Object {
      "alignItems": "center",
      "backgroundColor": "#696773",
      "flex": 1,
      "height": 1334,
      "justifyContent": "center",
      "width": 750,
    }
  }
>
  <View
    style={
      Object {
        "alignItems": "center",
        "backgroundColor": "#363946",
        "flex": 1,
        "fontSize": 24,
        "fontWeight": "bold",
        "height": 60,
        "justifyContent": "center",
        "maxHeight": 60,
        "position": "absolute",
        "top": 0,
        "width": "100%",
      }
    }
  >
    <Text
      style={
        Object {
          "alignItems": "center",
          "color": "#B1B6A6",
          "fontFamily": "Didot",
          "fontSize": 32,
          "fontWeight": "bold",
          "justifyContent": "center",
          "marginBottom": 20,
        }
      }
    >
      H-Appy
    </Text>
  </View>
  <View
    style={
      Object {
        "alignItems": "center",
        "backgroundColor": "#363946",
        "borderRadius": 5,
        "elevation": 16,
        "justifyContent": "center",
        "margin": 20,
        "minHeight": 50,
        "padding": 20,
        "shadowColor": "#000",
        "shadowOffset": Object {
          "height": 8,
          "width": 0,
        },
        "shadowOpacity": 0.44,
        "shadowRadius": 10.32,
        "width": 697.5,
      }
    }
  >
    <Image
      source={1}
      style={
        Object {
          "height": 100,
          "width": 200,
        }
      }
    />
    <Text
      style={
        Object {
          "color": "white",
          "fontFamily": "Chalkduster",
          "fontSize": 18,
          "maxWidth": "90%",
          "textAlign": "center",
        }
      }
    >
      

      About H-Appy
    </Text>
  </View>
  <View
    style={
      Object {
        "alignItems": "center",
        "backgroundColor": "#B1B6A6",
        "borderRadius": 5,
        "elevation": 16,
        "justifyContent": "center",
        "padding": 20,
        "shadowColor": "#000",
        "shadowOffset": Object {
          "height": 8,
          "width": 0,
        },
        "shadowOpacity": 0.44,
        "shadowRadius": 10.32,
        "width": 697.5,
      }
    }
  >
    <Text
      style={
        Object {
          "color": "#23252E",
          "fontFamily": "Courier",
          "fontSize": 14,
          "lineHeight": 15,
          "padding": 10,
          "textAlign": "center",
          "top": 5,
        }
      }
    >
      When you're bored, it can be difficult to choose an activity to relieve that boredom, in the same way that it can be difficult to make good food decisions when you're already hungry. Often, we end up doing things that just don't make us feel any better - like spending all day on social media, or eating unhealthy food.
      

      

      A dopamine menu is a list of activities grouped into different categories. It can help you decide what to do to alleviate your boredom in an appropriate way.
      

      

      Press the button below to learn more about the dopamine menu.
      

    </Text>
    <View
      accessible={true}
      focusable={true}
      onClick={[Function]}
      onResponderGrant={[Function]}
      onResponderMove={[Function]}
      onResponderRelease={[Function]}
      onResponderTerminate={[Function]}
      onResponderTerminationRequest={[Function]}
      onStartShouldSetResponder={[Function]}
      style={
        Object {
          "alignItems": "center",
          "opacity": 1,
        }
      }
    >
      <Text />
    </View>
    <Text>
      

    </Text>
  </View>
  <View
    style={
      Object {
        "alignItems": "center",
        "backgroundColor": "#819595",
        "bottom": 0,
        "flex": 0.2,
        "height": "4%",
        "justifyContent": "center",
        "position": "absolute",
        "width": "100%",
      }
    }
  >
    <View
      accessible={true}
      focusable={false}
      onClick={[Function]}
      onResponderGrant={[Function]}
      onResponderMove={[Function]}
      onResponderRelease={[Function]}
      onResponderTerminate={[Function]}
      onResponderTerminationRequest={[Function]}
      onStartShouldSetResponder={[Function]}
      style={
        Object {
          "opacity": 1,
        }
      }
    >
      <Text
        onPress={[Function]}
        style={
          Object {
            "color": "#363946",
            "fontFamily": "Courier",
          }
        }
      >
        Back to the Main Menu
      </Text>
    </View>
  </View>
</View>
`;
