// Jest Snapshot v1, https://goo.gl/fbAQLP

exports[`renders correctly 1`] = `
<View
  style={
    Object {
      "alignItems": "center",
      "backgroundColor": "#696773",
      "flex": 1,
      "justifyContent": "center",
    }
  }
>
  <View
    style={
      Object {
        "alignItems": "center",
        "backgroundColor": "#363946",
        "flex": 1,
        "fontSize": 24,
        "fontWeight": "bold",
        "height": 60,
        "justifyContent": "center",
        "maxHeight": 60,
        "position": "absolute",
        "top": 0,
        "width": "100%",
      }
    }
  >
    <Text
      style={
        Object {
          "alignItems": "center",
          "color": "#B1B6A6",
          "fontFamily": "Didot",
          "fontSize": 32,
          "fontWeight": "bold",
          "justifyContent": "center",
          "marginBottom": 20,
        }
      }
    >
      H-Appy
    </Text>
  </View>
  <View
    style={
      Array [
        Object {
          "alignItems": "center",
          "backgroundColor": "#B1B6A6",
          "borderRadius": 5,
          "flex": 0.82,
          "justifyContent": "center",
          "marginTop": 10,
          "width": "93%",
        },
        Object {
          "elevation": 4,
          "shadowColor": "#000",
          "shadowOffset": Object {
            "height": 8,
            "width": 0,
          },
          "shadowOpacity": 0.34,
          "shadowRadius": 5.32,
        },
      ]
    }
  >
    <View
      style={
        Array [
          Object {
            "alignItems": "center",
            "backgroundColor": "#363946",
            "borderRadius": 5,
            "flex": 0.1,
            "justifyContent": "center",
            "marginTop": "3%",
            "padding": 10,
            "width": "93%",
            "zIndex": 999,
          },
          Object {
            "elevation": 4,
            "shadowColor": "#000",
            "shadowOffset": Object {
              "height": 8,
              "width": 0,
            },
            "shadowOpacity": 0.34,
            "shadowRadius": 5.32,
          },
        ]
      }
    >
      <TextInput
        allowFontScaling={true}
        defaultValue=""
        editable={true}
        multiline={true}
        onChangeText={[Function]}
        placeholder="Activity name..."
        placeholderTextColor="#fff"
        rejectResponderTermination={true}
        style={
          Object {
            "color": "#fff",
            "fontFamily": "Chalkduster",
            "fontSize": 20,
            "height": "100%",
            "padding": 10,
            "textAlign": "center",
            "width": 600,
            "zIndex": 999,
          }
        }
        underlineColorAndroid="transparent"
      />
    </View>
    <View
      style={
        Object {
          "borderRadius": 10,
          "flex": 0.3,
          "marginBottom": 10,
          "marginTop": -70,
          "width": "80%",
        }
      }
    />
    <View
      style={
        Array [
          Object {
            "alignItems": "center",
            "backgroundColor": "#353846",
            "borderRadius": 5,
            "flex": 0.15,
            "justifyContent": "center",
            "marginBottom": 15,
            "width": "93%",
            "zIndex": 999,
          },
          Object {
            "elevation": 4,
            "shadowColor": "#000",
            "shadowOffset": Object {
              "height": 8,
              "width": 0,
            },
            "shadowOpacity": 0.34,
            "shadowRadius": 5.32,
          },
        ]
      }
    >
      <RNCSlider
        disabled={false}
        enabled={true}
        inverted={false}
        maximumTrackTintColor="#363946"
        maximumValue={4}
        minimumTrackTintColor="#819595"
        minimumValue={0}
        onChange={[Function]}
        onRNCSliderSlidingComplete={null}
        onRNCSliderSlidingStart={null}
        onRNCSliderValueChange={[Function]}
        onResponderTerminationRequest={[Function]}
        onStartShouldSetResponder={[Function]}
        step={0}
        style={
          Array [
            Object {
              "height": 40,
            },
            Object {
              "height": 50,
              "opacity": 1,
              "width": 280,
            },
          ]
        }
        thumbImage={
          Object {
            "__packager_asset": true,
            "height": 1,
            "scale": 1,
            "uri": "file://assets/full/path/to/directory/name.type",
            "width": 1,
          }
        }
        value={0}
      />
      <Text
        style={
          Object {
            "color": "#B1B6A6",
            "fontFamily": "Courier",
            "fontSize": 16,
          }
        }
      >
        Cost:
         
        	
         
        Free :)
         
      </Text>
      <View
        style={
          Object {
            "position": "absolute",
            "right": 6,
            "top": 0,
          }
        }
      >
        Cost button
      </View>
    </View>
    <View
      style={
        Array [
          Object {
            "alignItems": "center",
            "backgroundColor": "#353846",
            "borderRadius": 5,
            "flex": 0.15,
            "justifyContent": "center",
            "marginBottom": 15,
            "width": "93%",
            "zIndex": 999,
          },
          Object {
            "elevation": 4,
            "shadowColor": "#000",
            "shadowOffset": Object {
              "height": 8,
              "width": 0,
            },
            "shadowOpacity": 0.34,
            "shadowRadius": 5.32,
          },
        ]
      }
    >
      <RNCSlider
        disabled={false}
        enabled={true}
        inverted={false}
        maximumTrackTintColor="#363946"
        maximumValue={10}
        minimumTrackTintColor="#819595"
        minimumValue={1}
        onChange={[Function]}
        onRNCSliderSlidingComplete={null}
        onRNCSliderSlidingStart={null}
        onRNCSliderValueChange={[Function]}
        onResponderTerminationRequest={[Function]}
        onStartShouldSetResponder={[Function]}
        step={0}
        style={
          Array [
            Object {
              "height": 40,
            },
            Object {
              "height": 50,
              "opacity": 1,
              "width": 280,
            },
          ]
        }
        thumbImage={
          Object {
            "__packager_asset": true,
            "height": 1,
            "scale": 1,
            "uri": "file://assets/full/path/to/directory/name.type",
            "width": 1,
          }
        }
        value={10}
      />
      <Text
        style={
          Object {
            "color": "#B1B6A6",
            "fontFamily": "Courier",
            "fontSize": 16,
          }
        }
      >
        Accessibility Score:
         
        	
         
        10
         
      </Text>
      <View
        style={
          Object {
            "position": "absolute",
            "right": 6,
            "top": 0,
          }
        }
      >
        Accessibility button
      </View>
    </View>
    <View
      style={
        Array [
          Object {
            "borderRadius": 10,
            "flex": 0.3,
            "marginBottom": 10,
            "marginTop": -70,
            "width": "80%",
          },
          Object {
            "marginTop": -80,
          },
        ]
      }
    />
    <View
      style={
        Array [
          Object {
            "alignItems": "center",
            "backgroundColor": "#363946",
            "borderRadius": 5,
            "flex": 0.2,
            "justifyContent": "center",
            "marginBottom": 10,
            "padding": 10,
            "width": "93%",
            "zIndex": 999,
          },
          Object {
            "elevation": 4,
            "shadowColor": "#000",
            "shadowOffset": Object {
              "height": 8,
              "width": 0,
            },
            "shadowOpacity": 0.34,
            "shadowRadius": 5.32,
          },
        ]
      }
    >
      <TextInput
        allowFontScaling={true}
        defaultValue=""
        editable={true}
        multiline={true}
        onChangeText={[Function]}
        placeholder="Activity description..."
        placeholderTextColor="#B1B6A6"
        rejectResponderTermination={true}
        style={
          Object {
            "color": "#B1B6A6",
            "fontFamily": "Courier",
            "fontSize": 16,
            "height": 90,
            "textAlign": "center",
            "width": 600,
            "zIndex": 999,
          }
        }
        underlineColorAndroid="transparent"
      />
    </View>
  </View>
  <View
    style={
      Object {
        "alignItems": "center",
        "backgroundColor": "#363946",
        "borderRadius": 8,
        "bottom": 15,
        "justifyContent": "center",
        "marginLeft": 8,
        "paddingBottom": 10,
        "paddingTop": 10,
        "position": "absolute",
        "width": "93%",
      }
    }
  >
    <View
      accessible={true}
      focusable={true}
      onClick={[Function]}
      onResponderGrant={[Function]}
      onResponderMove={[Function]}
      onResponderRelease={[Function]}
      onResponderTerminate={[Function]}
      onResponderTerminationRequest={[Function]}
      onStartShouldSetResponder={[Function]}
      style={
        Object {
          "opacity": 1,
        }
      }
    >
      <Text
        style={
          Object {
            "color": "#B1B6A6",
            "fontFamily": "Courier",
            "fontSize": 20,
          }
        }
      >
        Add
      </Text>
    </View>
  </View>
</View>
`;
