// Jest Snapshot v1, https://goo.gl/fbAQLP

exports[`IndividualCourse renders correctly 1`] = `
<View
  style={
    Object {
      "alignItems": "center",
      "backgroundColor": "#696773",
      "flex": 1,
      "justifyContent": "center",
    }
  }
>
  <View
    style={
      Object {
        "alignItems": "center",
        "backgroundColor": "#363946",
        "flex": 1,
        "fontSize": 24,
        "fontWeight": "bold",
        "height": 60,
        "justifyContent": "center",
        "maxHeight": 60,
        "position": "absolute",
        "top": 0,
        "width": "100%",
      }
    }
  >
    <Text
      style={
        Object {
          "alignItems": "center",
          "color": "#B1B6A6",
          "fontFamily": "Didot",
          "fontSize": 32,
          "fontWeight": "bold",
          "justifyContent": "center",
          "marginBottom": 20,
        }
      }
    >
      H-Appy
    </Text>
  </View>
  <View
    style={
      Object {
        "alignContent": "center",
        "backgroundColor": "#819595",
        "borderRadius": 5,
        "elevation": 4,
        "flex": 0.08,
        "justifyContent": "center",
        "padding": 20,
        "shadowColor": "#000",
        "shadowOffset": Object {
          "height": 8,
          "width": 0,
        },
        "shadowOpacity": 0.34,
        "shadowRadius": 5.32,
        "top": "10%",
        "width": 697.5,
      }
    }
  >
    <View
      styles={
        Object {
          "alignItems": "center",
          "flex": 1,
          "justifyContent": "center",
          "maxHeight": 50,
        }
      }
    >
      <Text
        style={
          Object {
            "color": "#353746",
            "fontFamily": "Didot",
            "fontSize": 40,
            "textAlign": "center",
          }
        }
      />
    </View>
  </View>
  <View
    style={
      Object {
        "alignItems": "center",
        "backgroundColor": "#B1B6A6",
        "borderRadius": 5,
        "elevation": 4,
        "flex": 0.95,
        "justifyContent": "center",
        "marginBottom": "12%",
        "marginTop": "23%",
        "paddingLeft": 5,
        "paddingRight": 5,
        "shadowColor": "#000",
        "shadowOffset": Object {
          "height": 8,
          "width": 0,
        },
        "shadowOpacity": 0.34,
        "shadowRadius": 5.32,
        "width": 697.5,
      }
    }
  >
    <View
      style={
        Object {
          "alignContent": "center",
          "flex": 0.4,
          "justifyContent": "center",
          "paddingBottom": 10,
          "paddingTop": 10,
          "width": "90%",
        }
      }
    >
      <Text
        style={
          Object {
            "color": "#353746",
            "fontFamily": "Courier",
            "fontSize": 17,
            "textAlign": "center",
          }
        }
      />
    </View>
    <View
      style={
        Object {
          "alignItems": "center",
          "flex": 0.8,
          "justifyContent": "center",
          "paddingBottom": 10,
        }
      }
    >
      <RCTScrollView
        disableVirtualization={false}
        getItem={[Function]}
        getItemCount={[Function]}
        horizontal={false}
        initialNumToRender={10}
        keyExtractor={[Function]}
        maxToRenderPerBatch={10}
        onContentSizeChange={[Function]}
        onEndReachedThreshold={2}
        onLayout={[Function]}
        onMomentumScrollEnd={[Function]}
        onScroll={[Function]}
        onScrollBeginDrag={[Function]}
        onScrollEndDrag={[Function]}
        removeClippedSubviews={false}
        renderItem={[Function]}
        scrollEventThrottle={50}
        stickyHeaderIndices={Array []}
        updateCellsBatchingPeriod={50}
        viewabilityConfigCallbackPairs={Array []}
        windowSize={21}
      >
        <View />
      </RCTScrollView>
    </View>
  </View>
  <View
    style={
      Object {
        "alignItems": "center",
        "backgroundColor": "#819595",
        "bottom": 0,
        "flex": 0.2,
        "height": "4%",
        "justifyContent": "center",
        "position": "absolute",
        "width": "100%",
      }
    }
  >
    <View
      accessible={true}
      focusable={false}
      onClick={[Function]}
      onResponderGrant={[Function]}
      onResponderMove={[Function]}
      onResponderRelease={[Function]}
      onResponderTerminate={[Function]}
      onResponderTerminationRequest={[Function]}
      onStartShouldSetResponder={[Function]}
      style={
        Object {
          "opacity": 1,
        }
      }
    >
      <Text
        onPress={[Function]}
        style={
          Object {
            "color": "#363946",
            "fontFamily": "Courier",
          }
        }
      >
        Back to the Main Menu
      </Text>
    </View>
  </View>
</View>
`;
